[   0.0000 Itiizing cgroup subsys cpuset
[    0.000000] Initializing cgroup subsys cpu
[    0.000000] Initializing cgroup subsys cpuacct
[    0.000000] Linux version 4.4.0-140-generic (buildd@lcy01-amd64-006) (gcc version 5.4.0 20160609 (Ubuntu 5.4.0-6ubuntu1~16.04.10) ) #166-Ubuntu SMP Wed Nov 14 20:09:47 UTC 2018 (Ubuntu 4.4.0-140.166-generic 4.4.162)
[    0.000000] Command line: BOOT_IMAGE=/boot/vmlinuz-4.4.0-140-generic root=LABEL=cloudimg-rootfs ro console=tty1 console=ttyS0
[    0.000000] KERNEL supported cpus:
[    0.000000]   Intel GenuineIntel
[    0.000000]   AMD AuthenticAMD
[    0.000000]   Centaur CentaurHauls
[    0.000000] x86/fpu: xstate_offset[2]:  576, xstate_sizes[2]:  256
[    0.000000] x86/fpu: Supporting XSAVE feature 0x01: 'x87 floating point registers'
[    0.000000] x86/fpu: Supporting XSAVE feature 0x02: 'SSE registers'
[    0.000000] x86/fpu: Supporting XSAVE feature 0x04: 'AVX registers'
[    0.000000] x86/fpu: Enabled xstate features 0x7, context size is 832 bytes, using 'standard' format.
[    0.000000] e820: BIOS-provided physical RAM map:
[    0.000000] BIOS-e820: [mem 0x0000000000000000-0x000000000009fbff] usable
[    0.000000] BIOS-e820: [mem 0x000000000009fc00-0x000000000009ffff] reserved
[    0.000000] BIOS-e820: [mem 0x00000000000f0000-0x00000000000fffff] reserved
[    0.000000] BIOS-e820: [mem 0x0000000000100000-0x000000001ffeffff] usable
[    0.000000] BIOS-e820: [mem 0x000000001fff0000-0x000000001fffffff] ACPI data
[    0.000000] BIOS-e820: [mem 0x00000000fec00000-0x00000000fec00fff] reserved
[    0.000000] BIOS-e820: [mem 0x00000000fee00000-0x00000000fee00fff] reserved
[    0.000000] BIOS-e820: [mem 0x00000000fffc0000-0x00000000ffffffff] reserved
[    0.000000] NX (Execute Disable) protection: active
[    0.000000] SMBIOS 2.5 present.
[    0.000000] Hypervisor detected: KVM
[    0.000000] e820: last_pfn = 0x1fff0 max_arch_pfn = 0x400000000
[    0.000000] MTRR: Disabled
[    0.000000] x86/PAT: MTRRs disabled, skipping PAT initialization too.
[    0.000000] CPU MTRRs all blank - virtualized system.
[    0.000000] x86/PAT: Configuration [0-7]: WB  WT  UC- UC  WB  WT  UC- UC  
[    0.000000] found SMP MP-table at [mem 0x0009fff0-0x0009ffff] mapped at [ffff88000009fff0]
[    0.000000] Scanning 1 areas for low memory corruption
[    0.000000] RAMDISK: [mem 0x1e930000-0x1f7a1fff]
[    0.000000] ACPI: Early table checksum verification disabled
[    0.000000] ACPI: RSDP 0x00000000000E0000 000024 (v02 VBOX  )
[    0.000000] ACPI: XSDT 0x000000001FFF0030 00003C (v01 VBOX   VBOXXSDT 00000001 ASL  00000061)
[    0.000000] ACPI: FACP 0x000000001FFF00F0 0000F4 (v04 VBOX   VBOXFACP 00000001 ASL  00000061)
[    0.000000] ACPI: DSDT 0x000000001FFF0470 0021FF (v02 VBOX   VBOXBIOS 00000002 INTL 20180105)
[    0.000000] ACPI: FACS 0x000000001FFF0200 000040
[    0.000000] ACPI: FACS 0x000000001FFF0200 000040
[    0.000000] ACPI: APIC 0x000000001FFF0240 00005C (v02 VBOX   VBOXAPIC 00000001 ASL  00000061)
[    0.000000] ACPI: SSDT 0x000000001FFF02A0 0001CC (v01 VBOX   VBOXCPUT 00000002 INTL 20180105)
[   0.000000] No NUMA configuration found
[    0.000000] Faking a node at [mem 0x0000000000000000-0x000000001ffeffff]
[    0.000000] NODE_DATA(0) allocated [mem 0x1ffeb000-0x1ffeffff]
[    0.000000] kvm-clock: Using msrs 4b564d01 and 4b564d00
[    0.000000] kvm-clock: cpu 0, msr 0:1ffe3001, primary cpu clock
[    0.000000] kvm-clock: using sched offset of 3103406957 cycles
[    0.000000] clocksource: kvm-clock: mask: 0xffffffffffffffff max_cycles: 0x1cd42e4dffb, max_idle_ns: 881590591483 ns
[    0.000000] Zone ranges:
[    0.000000]   DMA      [mem 0x0000000000001000-0x0000000000ffffff]
[    0.000000]   DMA32    [mem 0x0000000001000000-0x000000001ffeffff]
[    0.000000]   Normal   empty
[    0.000000]   Device   empty
[    0.000000] Movable zone start for each node
[    0.000000] Early memory node ranges
[    0.000000]   node   0: [mem 0x0000000000001000-0x000000000009efff]
[    0.000000]   node   0: [mem 0x0000000000100000-0x000000001ffeffff]
[    0.000000] Initmem setup node 0 [mem 0x0000000000001000-0x000000001ffeffff]
[    0.000000] ACPI: PM-Timer IO Port: 0x4008
[    0.000000] IOAPIC[0]: apic_id 2, version 32, address 0xfec00000, GSI 0-23
[    0.000000] ACPI: INT_SRC_OVR (bus 0 bus_irq 0 global_irq 2 dfl dfl)
[    0.000000] ACPI: INT_SRC_OVR (bus 0 bus_irq 9 global_irq 9 low level)
[    0.000000] Using ACPI (MADT) for SMP configuration information
[    0.000000] smpboot: Allowing 2 CPUs, 0 hotplug CPUs
[    0.000000] PM: Registered nosave memory: [mem 0x00000000-0x00000fff]
[    0.000000] PM: Registered nosave memory: [mem 0x0009f000-0x0009ffff]
[    0.000000] PM: Registered nosave memory: [mem 0x000a0000-0x000effff]
[    0.000000] PM: Registered nosave memory: [mem 0x000f0000-0x000fffff]
[    0.000000] e820: [mem 0x20000000-0xfebfffff] available for PCI devices
[    0.000000] Booting paravirtualized kernel on KVM
[    0.000000] clocksource: refined-jiffies: mask: 0xffffffff max_cycles: 0xffffffff, max_idle_ns: 7645519600211568 ns
[    0.000000] setup_percpu: NR_CPUS:512 nr_cpumask_bits:512 nr_cpu_ids:2 nr_node_ids:1
[    0.000000] PERCPU: Embedded 34 pages/cpu @ffff88001fc00000 s99608 r8192 d31464 u1048576
[    0.000000] PV qspinlock hash table entries: 256 (order: 0, 4096 bytes)
[    0.000000] Built 1 zonelists in Node order, mobility grouping on.  Total pages: 128888
[    0.000000] Policy zone: DMA32
[    0.000000] Kernel command line: BOOT_IMAGE=/boot/vmlinuz-4.4.0-140-generic root=LABEL=cloudimg-rootfs ro console=tty1 console=ttyS0
[   .000000] PID hash tble entries: 2048 (order: 2, 16384 bytes)
[    0.000000 Memry4832K/583 aailable (8564K kernel code, 1314K rwdata, 4008K rodata, 1528K init, 1316K bss, 42200K reserved, 0K cma-reserved)
[    0.000000] SLUB: HWalign=64, Order=0-3, MinObjects=0, CPUs=2, Nodes=1
[    0.000000] Kernel/User page tables isolation: enabled
[    0.000000] Hierarchical RCU implementation.
[    0.000000] 	Build-time adjustment of leaf fanout to 64.
[    0.000000] 	RCU restricting CPUs from NR_CPUS=512 to nr_cpu_ids=2.
[    0.000000] RCU: Adjusting geometry for rcu_fanout_leaf=64, nr_cpu_ids=2
[    0.000000] NR_IRQS:33024 nr_irqs:440 16
[    0.000000] Console: colour VGA+ 80x25
[    0.000000] console [tty1] enabled
[    0.000000] console [ttyS0] enabled
[    0.000000] tsc: Detected 2904.000 MHz processor
[    0.433803] Calibrating delay loop (skipped) preset value.. 5808.00 BogoMIPS (lpj=11616000)
[    0.435514] pid_max: default: 32768 minimum: 301
[    0.436398] ACPI: Core revision 20150930
[   .47807] ACPI: 2 ACPI AML tables successfully acquired and loaded
[    0.490079] Security Framework initialized
[    0.490765] Yama: becoming mindful.
[    0.491413] AppArmor: AppArmor initialized
[    0.492072] Dentry cache hash table entries: 65536 (order: 7, 524288 bytes)
[    0.493159] Inode-cache hash table entries: 32768 (order: 6, 262144 bytes)
[    0.494497] Mount-cache hash table entries: 1024 (order: 1, 8192 bytes)
[    0.495738] Mountpoint-cache hash table entries: 1024 (order: 1, 8192 bytes)
[    0.497247] Initializing cgroup subsys io
[    0.509095] Initializing cgroup subsys memory
[    0.512784] Initializing cgroup subsys devices
[    0.513742] Initializing cgroup subsys freezer
[    0.514747] Initializing cgroup subsys net_cls
[    0.515657] Initializing cgroup subsys perf_event
[    0.516671] Initializing cgroup subsys net_prio
[    0.522998] Initializing cgroup subsys hugetlb
[    0.524024] Initializing cgroup subsys pids
[    0.526002] mce: CPU supports 0 MCE banks
[    0.526891] Last level iTLB entries: 4KB 64, 2MB 8, 4MB 8
[    0.527951] Last level dTLB entries: 4KB 64, 2MB 0, 4MB 0, 1GB 4
[    0.529186] Spectre V2 : Mitigation: Full generic retpoline
[    0.530236] Spectre V2 : Spectre v2 mitigation: Speculation control IBPB not-supported IBRS not-supported
[    0.531849] Spectre V2 : Spectre v2 / SpectreRSB mitigation: Filling RSB on context switch
[    0.549313] Speculative Store Bypass: Vulnerable
[    0.568324] Freeing SMP alternatives memory: 32K
[    0.592012] ftrace: allocating 32287 entries in 127 pages
[    0.636441] smpboot: APIC(0) Converting physical 0 to logical package 0
[    0.644282] smpboot: Max logical packages: 1
[    0.645494] x2apic enabled
[    0.646464] Switched APIC routing to physical x2apic.
[    0.648792] ..TIMER: vector=0x30 apic1=0 pin1=2 apic2=-1 pin2=-1
[    0.756475] smpboot: CPU0: Intel(R) Core(TM) i7-7820HQ CPU @ 2.90GHz (family: 0x6, model: 0x9e, stepping: 0x9)
[    0.811494] Performance Events: unsupported p6 CPU model 158 no PMU driver, software events only.
[    0.813491] KVM setup paravirtual spinlock
[    0.815138] x86: Booting SMP configuration:
[    0.815994] .... node  #0, CPUs:      #1
[    0.816935] kvm-clock: cpu 1, msr 0:1ffe3041, secondary cpu clock
[    0.818541] mce: CPU supports 0 MCE banks
[    0.820909] x86: Booted up 1 node, 2 CPUs
[    0.823069] smpboot: Total of 2 processors activated (11616.00 BogoMIPS)
[    0.826076] devtmpfs: initialized
[    0.828536] evm: security.selinux
[    0.829365] evm: security.SMACK64
[    0.832821] evm: security.SMACK64EXEC
[    0.833629] evm: security.SMACK64TRANSMUTE
[    0.834500] evm: security.SMACK64MMAP
[    0.835298] evm: security.ima
[    0.836003] evm: security.capability
[    0.837030] clocksource: jiffies: mask: 0xffffffff max_cycles: 0xffffffff, max_idle_ns: 7645041785100000 ns
[    0.844211] futex hash table entries: 512 (order: 3, 32768 bytes)
[    0.845493] pinctrl core: initialized pinctrl subsystem
[    0.846401] RTC time: 18:00:39, date: 12/20/18
[    0.847315] NET: Registered protocol family 16
[    0.856647] cpuidle: using governor ladder
[    0.876584] cpuidle: using governor menu
[    0.885183] PCCT header not found.
[    0.885816] ACPI: bus type PCI registered
[    0.886431] acpiphp: ACPI Hot Plug PCI Controller Driver version: 0.5
[    0.887384] PCI: Using configuration type 1 for base access
[    0.901371] ACPI: Added _OSI(Module Device)
[    0.934444] ACPI: Added _OSI(Processor Device)
[    0.935129] ACPI: Added _OSI(3.0 _SCP Extensions)
[    0.935789] ACPI: Added _OSI(Processor Aggregator Device)
[    0.937293] ACPI: Executed 1 blocks of module-level executable AML code
[    0.939945] ACPI: Interpreter enabled
[    0.940545] ACPI: (supports S0 S5)
[    0.941111] ACPI: Using IOAPIC for interrupt routing
[    0.942142] PCI: Using host bridge windows from ACPI; if necessary, use "pci=nocrs" and report a bug
[    0.946267] ACPI: PCI Root Bridge [PCI0] (domain 0000 [bus 00-ff])
[    0.960440] acpi PNP0A03:00: _OSC: OS supports [ASPM ClockPM Segments MSI]
[    0.961449] acpi PNP0A03:00: _OSC: not requesting OS control; OS requires [ExtendedConfig ASPM ClockPM MSI]
[    0.967038] acpi PNP0A03:00: fail to add MMCONFIG information, can't access extended PCI configuration space under this bridge.
[    0.969026] PCI host bridge to bus 0000:00
[    0.969741] pci_bus 0000:00: root bus resource [io  0x0000-0x0cf7 window]
[    0.970655] pci_bus 0000:00: root bus resource [io  0x0d00-0xffff window]
[    0.971574] pci_bus 0000:00: root bus resource [mem 0x000a0000-0x000bffff window]
[    0.972788] pci_bus 0000:00: root bus resource [mem 0x20000000-0xfdffffff window]
[    0.973938] pci_bus 0000:00: root bus resource [bus 00-ff]
[    0.976050] pci 0000:00:01.1: legacy IDE quirk: reg 0x10: [io  0x01f0-0x01f7]
[    0.977052] pci 0000:00:01.1: legacy IDE quirk: reg 0x14: [io  0x03f6]
[    0.979176] pci 0000:00:01.1: legacy IDE quirk: reg 0x18: [io  0x0170-0x0177]
[    0.981188] pci 0000:00:01.1: legacy IDE quirk: reg 0x1c: [io  0x0376]
[    0.998075] pci 0000:00:07.0: quirk: [io  0x4000-0x403f] claimed by PIIX4 ACPI
[    0.999538] pci 0000:00:07.0: quirk: [io  0x4100-0x410f] claimed by PIIX4 SMB
[    1.005494] ACPI: PCI Interrupt Link [LNKA] (IRQs 5 9 10 *11)
[    1.009758] ACPI: PCI Interrupt Link [LNKB] (IRQs 5 9 *10 11)
[    1.014674] ACPI: PCI Interrupt Link [LNKC] (IRQs 5 *9 10 11)
[    1.017502] ACPI: PCI Interrupt Link [LNKD] (IRQs 5 9 10 *11)
[    1.018870] ACPI: Enabled 2 GPEs in block 00 to 07
[    1.020136] vgaarb: setting as boot device: PCI:0000:00:02.0
[    1.021108] vgaarb: device added: PCI:0000:00:02.0,decodes=io+mem,owns=io+mem,locks=none
[    1.022453] vgaarb: loaded
[    1.022978] vgaarb: bridge control possible 0000:00:02.0
[    1.024004] SCSI subsystem initialized
[    1.024818] ACPI: bus type USB registered
[    1.026207] usbcore: registered new interface driver usbfs
[    1.027898] usbcore: registered new interface driver hub
[    1.029185] usbcore: registered new device driver usb
[    1.030140] PCI: Using ACPI for IRQ routing
[    1.031063] NetLabel: Initializing
[    1.031652] NetLabel:  domain hash size = 128
[    1.032281] NetLabel:  protocols = UNLABELED CIPSOv4
[    1.033080] NetLabel:  unlabeled traffic allowed by default
[    1.034029] amd_nb: Cannot enumerate AMD northbridges
[    1.034793] clocksource: Switched to clocksource kvm-clock
[    1.040524] AppArmor: AppArmor Filesystem Enabled
[    1.043569] pnp: PnP ACPI init
[    1.044667] pnp: PnP ACPI: found 3 devices
[  1530] clocksource: acpi_pm: mask: 0xffffff max_cycles: 0xffffff, max_idle_ns: 2085701024 ns
[    1.181563] NET: Registered protocol family 2

[    1.182605] TCP established hash table entries: 4096 (order: 3, 32768 bytes)
[    1.183851] TCP bind hash table entries: 4096 (order: 4, 65536 bytes)
[    1.184935] TCP: Hash tables configured (established 4096 bind 4096)
[    1.185948] UDP hash table entries: 256 (order: 1, 8192 bytes)
[    1.187020] UDP-Lite hash table entries: 256 (order: 1, 8192 bytes)
[    1.188164] NET: Registered protocol family 1
[    1.188942] pci 0000:00:00.0: Limiting direct PCI/PCI transfers
[    1.189988] pci 0000:00:01.0: Activating ISA DMA hang workarounds
[    1.191524] Unpacking initramfs...
[    1.361390] Freeing initrd memory: 14792K
[    1.365896] platform rtc_cmos: registered platform RTC device (no PNP device found)
[    1.367292] Scanning for low memory corruption every 60 seconds
[    1.368550] audit: initializing netlink subsys (disabled)
[    1.372729] audit: type=2000 audit(1545328844.098:1): initialized
[    1.373796] Initialise system trusted keyring
[    1.374697] HugeTLB registered 2 MB page size, pre-allocated 0 pages
[    1.376782] zbud: loaded
[    1.384841] VFS: Disk quotas dquot_6.6.0
[    1.438146] VFS: Dquot-cache hash table entries: 512 (order 0, 4096 bytes)
[    1.439875] squashfs: version 4.0 (2009/01/31) Phillip Lougher
[    1.441497] fuse init (API version 7.23)
[    1.445030] Key type big_key registered
[    1.452885] Allocating IMA MOK and blacklist keyrings.
[    1.455250] Key type asymmetric registered
[    1.460581] Asymmetric key parser 'x509' registered
[    1.461396] Block layer SCSI generic (bsg) driver version 0.4 loaded (major 249)
[    1.472646] io scheduler noop registered
[    1.473381] io scheduler deadline registered (default)
[    1.474178] io scheduler cfq registered
[    1.475079] pci_hotplug: PCI Hot Plug PCI Core version: 0.5
[    1.475938] pciehp: PCI Express Hot Plug Controller Driver version: 0.4
[    1.476962] ACPI: AC Adapter [AC] (on-line)
[    1.477746] input: Power Button as /devices/LNXSYSTM:00/LNXPWRBN:00/input/input0
[    1.478892] ACPI: Power Button [PWRF]
[    1.479558] input: Sleep Button as /devices/LNXSYSTM:00/LNXSLPBN:00/input/input1
[    1.480678] ACPI: Sleep Button [SLPF]
[    1.481890] ACPI: Battery Slot [BAT0] (battery present)
[    1.482683] GHES: HEST is not enabled!
[    1.483529] Serial: 8250/16550 driver, 32 ports, IRQ sharing enabled
[    1.506226] 00:02: ttyS0 at I/O 0x3f8 (irq = 4, base_baud = 115200) is a 16550A
[    1.509993] Linux agpgart interface v0.103
[    1.512396] loop: module loaded
[    1.513469] scsi host0: ata_piix
[    1.514273] scsi host1: ata_piix
[    1.514935] ata1: PATA max UDMA/33 cmd 0x1f0 ctl 0x3f6 bmdma 0xd000 irq 14
[    1.515858] ata2: PATA max UDMA/33 cmd 0x170 ctl 0x376 bmdma 0xd008 irq 15
[    1.516860] libphy: Fixed MDIO Bus: probed
[    1.517548] tun: Universal TUN/TAP device driver, 1.6
[    1.518264] tun: (C) 1999-2004 Max Krasnyansky <maxk@qualcomm.com>
[    1.519165] PPP generic driver version 2.4.2
[    1.519876] ehci_hcd: USB 2.0 'Enhanced' Host Controller (EHCI) Driver
[    1.520755] ehci-pci: EHCI PCI platform driver
[    1.521435] ehci-platform: EHCI generic platform driver
[    1.522183] ohci_hcd: USB 1.1 'Open' Host Controller (OHCI) Driver
[    1.523020] ohci-pci: OHCI PCI platform driver
[    1.523742] ohci-platform: OHCI generic platform driver
[    1.524494] uhci_hcd: USB Universal Host Controller Interface driver
[    1.525406] i8042: PNP: PS/2 Controller [PNP0303:PS2K,PNP0f03:PS2M] at 0x60,0x64 irq 1,12
[    1.527495] serio: i8042 KBD port at 0x60,0x64 irq 1
[    1.528359] serio: i8042 AUX port at 0x60,0x64 irq 12
[    1.531995] mousedev: PS/2 mouse device common for all mice
[    1.533304] input: AT Translated Set 2 keyboard as /devices/platform/i8042/serio0/input/input2
[    1.534620] rtc_cmos rtc_cmos: rtc core: registered rtc_cmos as rtc0
[    1.535632] rtc_cmos rtc_cmos: alarms up to one day, 114 bytes nvram
[    1.536511] i2c /dev entries driver
[    1.537128] device-mapper: uevent: version 1.0.3
[    1.537857] device-mapper: ioctl: 4.34.0-ioctl (2015-10-28) initialised: dm-devel@redhat.com
[    1.539227] ledtrig-cpu: registered to indicate activity on CPUs
[    1.540465] NET: Registered protocol family 10
[    1.541352] NET: Registered protocol family 17
[    1.542111] Key type dns_resolver registered
[    1.549215] registered taskstats version 1
[    1.549904] Loading compiled-in X.509 certificates
[    1.551118] Loaded X.509 cert 'Build time autogenerated kernel key: 2b5438463a545abf193c13ead155e0657f6c69dd'
[    1.552545] zswap: loaded using pool lzo/zbud
[    1.555013] Key type trusted registered
[    1.663230] Key type encrypted registered
[    1.730622] AppArmor: AppArmor sha1 policy hashing enabled
[    1.731864] ima: No TPM chip found, activating TPM-bypass!
[    1.732712] ima: Allocated hash algorithm: sha1
[    1.733496] evm: HMAC attrs: 0x1
[    1.751072]   Magic number: 14:411:39
[    1.751903] bdi 7:4: hash matches
[    1.752812] rtc_cmos rtc_cmos: setting system clock to 2018-12-20 18:00:40 UTC (1545328840)
[    1.754946] BIOS EDD facility v0.16 2004-Jun-25, 0 devices found
[    1.756093] EDD information not available.
[    1.758833] Freeing unused kernel memory: 1528K
[    1.773795] Write protecting the kernel read-only data: 14336k
[    1.890978] Freeing unused kernel memory: 1664K
[    1.892109] Freeing unused kernel memory: 88K
Loading, please wait...
starting version[    1.903299] random: systemd-udevd: uninitialized urandom read (16 bytes read, 3 bits of entropy available)
 229
[    1.903935] random: udevadm: uninitialized urandom read (16 bytes read, 3 bits of entropy available)
[    1.903950] random: udevadm: uninitialized urandom read (16 bytes read, 3 bits of entropy available)
[    1.908765] random: systemd-udevd: uninitialized urandom read (16 bytes read, 3 bits of entropy available)
[    1.910185] random: systemd-udevd: uninitialized urandom read (16 bytes read, 3 bits of entropy available)
[    1.910726] random: udevadm: uninitialized urandom read (16 bytes read, 3 bits of entropy available)
[    1.910760] random: udevadm: uninitialized urandom read (16 bytes read, 3 bits of entropy available)
[    1.910893] random: udevadm: uninitialized urandom read (16 bytes read, 3 bits of entropy available)
[    1.910932] random: udevadm: uninitialized urandom read (16 bytes read, 3 bits of entropy available)
[    1.910969] random: udevadm: uninitialized urandom read (16 bytes read, 3 bits of entropy available)
[    1.953059] e1000: Intel(R) PRO/1000 Network Driver - version 7.3.21-k8-NAPI
[    1.956724] e1000: Copyright (c) 1999-2006 Intel Corporation.
[    1.958051] Fusion MPT base driver 3.04.20
[    1.958685] Copyright (c) 1999-2008 LSI Corporation
[    1.977574] Fusion MPT SPI Host driver 3.04.20
[    1.992613] AVX2 version of gcm_enc/dec engaged.
[    1.994689] AES CTR mode by8 optimization enabled
[    2.191770] input: ImExPS/2 Generic Explorer Mouse as /devices/platform/i8042/serio1/input/input4
[    2.363403] tsc: Refined TSC clocksource calibration: 2904.065 MHz
[    2.386434] clocksource: tsc: mask: 0xffffffffffffffff max_cycles: 0x29dc431214a, max_idle_ns: 440795262369 ns
[    2.392006] e1000 0000:00:03.0 eth0: (PCI:33MHz:32-bit) 02:98:e6:10:aa:4b
[    2.392010] e1000 0000:00:03.0 eth0: Intel(R) PRO/1000 Network Connection
[    2.916773] e1000 0000:00:08.0 eth1: (PCI:33MHz:32-bit) 08:00:27:5e:62:68
[    3.549021] e1000 0000:00:08.0 eth1: Intel(R) PRO/1000 Network Connection
[    3.550839] mptbase: ioc0: Initiating bringup
[    3.552117] e1000 0000:00:03.0 enp0s3: renamed from eth0
[    3.574278] e1000 0000:00:08.0 enp0s8: renamed from eth1
[    3.615130] ioc0: LSI53C1030 A0: Capabilities={Initiator}
[    4.601366] scsi host2: ioc0: LSI53C1030 A0, FwRev=00000000h, Ports=1, MaxQ=256, IRQ=20
[    5.383880] scsi 2:0:0:0: Direct-Access     VBOX     HARDDISK         1.0  PQ: 0 ANSI: 5
[    5.390649] scsi target2:0:0: Beginning Domain Validation
[    5.392315] scsi target2:0:0: Domain Validation skipping write tests
[    5.393280] scsi target2:0:0: Ending Domain Validation
[    5.394118] scsi target2:0:0: asynchronous
[    5.395102] scsi 2:0:1:0: Direct-Access     VBOX     HARDDISK         1.0  PQ: 0 ANSI: 5
[    5.404628] scsi target2:0:1: Beginning Domain Validation
[    5.406416] scsi target2:0:1: Domain Validation skipping write tests
[    5.407389] scsi target2:0:1: Ending Domain Validation
[    5.408231] scsi target2:0:1: asynchronous
[    5.515216] sd 2:0:0:0: [sda] 20971520 512-byte logical blocks: (10.7 GB/10.0 GiB)
[    5.516573] sd 2:0:0:0: [sda] Write Protect is off
[    5.517390] sd 2:0:0:0: Attached scsi generic sg0 type 0
[    5.518173] sd 2:0:0:0: [sda] Incomplete mode parameter data
[    5.518978] sd 2:0:0:0: [sda] Assuming drive cache: write through
[    5.520452] sd 2:0:1:0: [sdb] 20480 512-byte logical blocks: (10.5 MB/10.0 MiB)
[    5.521776] sd 2:0:1:0: [sdb] Write Protect is off
[    5.522525] sd 2:0:1:0: Attached scsi generic sg1 type 0
[    5.523362] sd 2:0:1:0: [sdb] Incomplete mode parameter data
[    5.524152] sd 2:0:1:0: [sdb] Assuming drive cache: write through
[    5.527989]  sda: sda1
[    5.528895] sd 2:0:0:0: [sda] Attached SCSI disk
[    5.529939] sd 2:0:1:0: [sdb] Attached SCSI disk
Begin: Loading e[    6.805413] md: linear personality registered for level -1
ssential drivers ... [    6.819744] md: multipath personality registered for level -4
[    6.827710] md: raid0 personality registered for level 0
[    6.831548] md: raid1 personality registered for level 1
[    6.902812] raid6: sse2x1   gen() 11519 MB/s
[    6.970856] raid6: sse2x1   xor()  8759 MB/s
[    7.050847] raid6: sse2x2   gen() 14975 MB/s
[    7.126558] raid6: sse2x2   xor() 11011 MB/s
[    7.214847] raid6: sse2x4   gen() 15901 MB/s
[    7.290805] raid6: sse2x4   xor() 11162 MB/s
[    7.374854] raid6: avx2x1   gen() 23792 MB/s
[    7.482840] raid6: avx2x2   gen() 27186 MB/s
[    7.550869] raid6: avx2x4   gen() 29820 MB/s
[    7.551697] raid6: using algorithm avx2x4 gen() 29820 MB/s
[    7.552637] raid6: using avx2x2 recovery algorithm
[    7.554612] xor: automatically using best checksumming function:
[    7.629794]    avx       : 71214.000 MB/sec
[    7.664486] async_tx: api initialized (async)
[    7.670857] md: raid6 personality registered for level 6
[    7.671837] md: raid5 personality registered for level 5
[    7.672791] md: raid4 personality registered for level 4
[    7.677681] md: raid10 personality registered for level 10
done.
Begin: Running /scripts/init-premount ... done.
Begin: Mounting root file system ... Begin: Running /scripts/local-top ... done.
Begin: Running /scripts/local-premount ... [    7.704242] Btrfs loaded
Scanning for Btrfs filesystems
done.
Warning: fsck not present, so skipping root file system
[    7.777830] EXT4-fs (sda1): mounted filesystem with ordered data mode. Opts: (null)
done.
Begin: Running /scripts/local-bottom ... done.
Begin: Running /scripts/init-bottom ... done.
[    7.880487] systemd[1]: systemd 229 running in system mode. (+PAM +AUDIT +SELINUX +IMA +APPARMOR +SMACK +SYSVINIT +UTMP +LIBCRYPTSETUP +GCRYPT +GNUTLS +ACL +XZ -LZ4 +SECCOMP +BLKID +ELFUTILS +KMOD -IDN)
[    7.883535] systemd[1]: Detected virtualization oracle.
[    7.884428] systemd[1]: Detected architecture x86-64.

Welcome to [1mUbuntu 16.04.5 LTS[0m!

[    7.887480] systemd[1]: Set hostname to <ubuntu>.
[    7.889764] systemd[1]: Initializing machine ID from random generator.
[    7.890917] systemd[1]: Installed transient /etc/machine-id file.
[  8932]syte[1 Srted Trigger resolvconf update for networkd DNS.
[[0;32m  OK  [0m] Started Trigger resolvconf update for networkd DNS.
[    8.422157] systemd[1]: Reached target User and Group Name Lookups.
[[0;32m  OK  [0m] Reached target User and Group Name Lookups.
[    8.424342] systemd[1]: Created slice User and Session Slice.
[[0;32m  OK  [0m] Created slice User and Session Slice.
[    8.426293] systemd[1]: Listening on Device-mapper event daemon FIFOs.
[[0;32m  OK  [0m] Listening on Device-mapper event daemon FIFOs.
[    8.428301] systemd[1]: Listening on /dev/initctl Compatibility Named Pipe.
[[0;32m  OK  [0m] Listening on /dev/initctl Compatibility Named Pipe.
[    8.430421] systemd[1]: Listening on LVM2 metadata daemon socket.
[[0;32m  OK  [0m] Listening on LVM2 metadata daemon socket.
[    8.432308] systemd[1]: Listening on Journal Audit Socket.
[[0;32m  OK  [0m] Listening on Journal Audit Socket.
[    8.434184] systemd[1]: Listening on udev Kernel Socket.
[[0;32m  OK  [0m] Listening on udev Kernel Socket.
[   4320] systemd[1]: Created slice System Slice.
[[0;32m  OK  [0m] Created slice System Slice.
[    8.549983] systemd[1]: Created slice system-serial\x2dgetty.slice.
[[0;32m  OK  [0m] Created slice system-serial\x2dgetty.slice.
[    8.551907] systemd[1]: Reached target Slices.
[[0;32m  OK  [0m] Reached target Slices.
[    8.553545] systemd[1]: Listening on Journal Socket.
[[0;32m  OK  [0m] Listening on Journal Socket.
[    8.566911] systemd[1]: Mounting Debug File System...
         Mounting Debug File System...
[    8.569260] systemd[1]: Mounting POSIX Message Queue File System...
         Mounting POSIX Message Queue File System...
[    8.575720] systemd[1]: Starting Remount Root and Kernel File Systems...
         Starting Remount Root and Kernel File Systems...
[    8.578103] systemd[1]: Starting Monitoring of LVM2 mirrors, snapshots etc. using dmeventd or progress polling...
[    8.579842] EXT4-fs (sda1): re-mounted. Opts: (null)
         Starting Monitoring of LVM2 mirrors... dmeventd or progress polling...
[    8.641978] systemd[1]: Starting Create list of required static device nodes for the current kernel...
         Starting Create list of required st... nodes for the current kernel...
[    8.645863] systemd[1]: Starting Set console keymap...
         Starting Set console keymap...
[    8.648198] systemd[1]: Starting Nameserver information manager...
         Starting Nameserver information manager...
[    8.650121] systemd[1]: Reached target System Time Synchronized.
[[0;32m  OK  [0m] Reached target System Time Synchronized.
[    8.654367] systemd[1]: Reached target Encrypted Volumes.
[[0;32m  OK  [0m] Reached target Encrypted Volumes.
[    8.673234] systemd[1]: Set up automount Arbitrary Executable File Formats File System Automount Point.
[[0;32m  OK  [0m] Set up automount Arbitrary Executab...ats File System Automount Point.
[    8.714960] systemd[1]: Mounting Huge Pages File System...
         Mounting Huge Pages File System...
[    8.732651] systemd[1]: Listening on LVM2 poll daemon socket.
[[0;32m  OK  [0m] Listening on LVM2 poll daemon socket.
[    8.735789] systemd[1]: Starting Uncomplicated firewall...
         Starting Uncomplicated firewall...
[    8.742930] systemd[1]: Listening on Journal Socket (/dev/log).
[[0;32m  OK  [0m] Listening on Journal Socket (/dev/log).
[    8.745906] systemd[1]: Starting Load Kernel Modules...
         Starting Load Kernel Modules...
[    8.753379] systemd[1]: Listening on Syslog Socket.
[[0;32m  OK  [0m] Listening on Syslog Socket.
[    8.763609] Loading iSCSI transport class v2.0-870.
[    8.795999] iscsi: registered transport (tcp)
[    8.799342] systemd[1]: Starting Journal Service...
         Starting Journal Service...
[    8.893955] systemd[1]: Reached target Swap.
[[0;32m  OK  [0m] [    8.895230] random: nonblocking pool is initialized
Reached target Swap.
[    8.897076] systemd[1]: Listening on udev Control Socket.
[[0;32m  OK  [0m] Listening on udev Control Socket.
[    8.919106] systemd[1]: Started Forward Password Requests to Wall Directory Watch.
[    8.972752] iscsi: registered transport (iser)
[[0;32m  OK  [0m] Started Forward Password Requests to Wall Directory Watch.
[    8.991432] systemd[1]: Mounted Debug File System.
[[0;32m  OK  [0m] Mounted Debug File System.
[    8.996693] systemd[1]: Mounted POSIX Message Queue File System.
[[0;32m  OK  [0m] Mounted POSIX Message Queue File System.
[    8.998604] systemd[1]: Mounted Huge Pages File System.
[[0;32m  OK  [0m] Mounted Huge Pages File System.
[    9.000559] systemd[1]: Started Journal Service.
[[0;32m  OK  [0m] Started Journal Service.
[[0;32m  OK  [0m] Started Remount Root and Kernel File Systems.
[[0;32m  OK  [0m] Started Create list of required sta...ce nodes for the current kernel.
[[0;32m  OK  [0m] Started Set console keymap.
[[0;32m  OK  [0m] Started Uncomplicated firewall.
[[0;32m  OK  [0m] Started Load Kernel Modules.
[[0;32m  OK  [0m] Started Nameserver information manager.
[[0;32m  OK  [0m] Started LVM2 metadata daemon.
         Mounting FUSE Control File System...
         Starting Apply Kernel Variables...
         Starting Create Static Device Nodes in /dev...
         Starting udev Coldplug all Devices...
         Starting Load/Save Random Seed...
         Starting Flush Journal to Persistent Storage...
[[0;32m  OK  [0m] Mounted FUSE Control File System.
[[0;32m  OK  [0m] Started Apply Kernel Variables.
[[0;32m  OK  [0m] Started Create Static Device Nodes in /dev.
[[0;32m  OK  [0m] Started Load/Save Random Seed.
[[0;32m  OK  [0m] Started udev Coldplug all Devices.
[[0;32m  OK  [0m] Started Flush Journal to Persistent Storage.
         Starting udev Kernel Device Manager...
[[0;32m  OK  [0m] Started udev Kernel Device Manager.
[[0;32m  OK  [0m] Started Dispatch Password Requests to Console Directory Watch.
[[0;32m  OK  [0m] Found device /dev/ttyS0.
[[0;32m  OK  [0m] Listening on Load/Save RF Kill Switch Status /dev/rfkill Watch.
[[0;32m  OK  [0m] Started Monitoring of LVM2 mirrors,...ng dmeventd or progress polling.
[[0;32m  OK  [0m] Reached target Local File Systems (Pre).
[[0;32m  OK  [0m] Reached target Local File Systems.
         Starting Set console font and keymap...
         Starting LSB: AppArmor initialization...
         Starting Commit a transient machine-id on disk...
         Starting Initial cloud-init job (pre-networking)...
         Starting Tell Plymouth To Write Out Runtime Data...
         Starting Create Volatile Files and Directories...
[[0;32m  OK  [0m] Started Commit a transient machine-id on disk.
[[0;32m  OK  [0m] Started Tell Plymouth To Write Out Runtime Data.
[[0;32m  OK  [0m] Started Create Volatile Files and Directories.
[[0;32m  OK  [0m] Started Set console font and keymap.
[[0;32m  OK  [0m] Created slice system-getty.slice.
         Starting Update UTMP about System Boot/Shutdown...
[[0;32m  OK  [0m] Started Update UTMP about System Boot/Shutdown.
[[0;32m  OK  [0m] Started LSB: AppArmor initialization.
[    9.947842] cloud-init[641]: Cloud-init v. 18.4-0ubuntu1~16.04.2 running 'init-local' at Thu, 20 Dec 2018 18:00:49 +0000. Up 9.67 seconds.
[[0;32m  OK  [0m] Started Initial cloud-init job (pre-networking).
[[0;32m  OK  [0m] Reached target Network (Pre).
         Starting Raise network interfaces...
[[0;32m  OK  [0m] Started Raise network interfaces.
[[0;32m  OK  [0m] Reached target Network.
         Starting Initial cloud-init job (metadata service crawler)...
[   10.782677] cloud-init[947]: Cloud-init v. 18.4-0ubuntu1~16.04.2 running 'init' at Thu, 20 Dec 2018 18:00:49 +0000. Up 10.38 seconds.
[   10.787914] cloud-init[947]: ci-info: ++++++++++++++++++++++++++++++++++++++Net device info+++++++++++++++++++++++++++++++++++++++
[   10.796181] cloud-init[947]: ci-info: +--------+-------+----------------------------+---------------+--------+-------------------+
[   10.797994] cloud-init[947]: ci-info: | Device |   Up  |          Address           |      Mask     | Scope  |     Hw-Address    |
[   10.799711] cloud-init[947]: ci-info: +--------+-------+----------------------------+---------------+--------+-------------------+
[   10.801253] cloud-init[947]: ci-info: | enp0s3 |  True |         10.0.2.15          | 255.255.255.0 | global | 02:98:e6:10:aa:4b |
[   10.802792] cloud-init[947]: ci-info: | enp0s3 |  True | fe80::98:e6ff:fe10:aa4b/64 |       .       |  link  | 02:98:e6:10:aa:4b |
[   10.804276] cloud-init[947]: ci-info: | enp0s8 | False |             .              |       .       |   .    | 08:00:27:5e:62:68 |
[   10.805763] cloud-init[947]: ci-info: |   lo   |  True |         127.0.0.1          |   255.0.0.0   |  host  |         .         |
[   10.807399] cloud-init[947]: ci-info: |   lo   |  True |          ::1/128           |       .       |  host  |         .         |
[   10.822726] cloud-init[947]: ci-info: +--------+-------+----------------------------+---------------+--------+-------------------+
[   10.824270] cloud-init[947]: ci-info: +++++++++++++++++++++++++++Route IPv4 info++++++++++++++++++++++++++++
[   10.825563] cloud-init[947]: ci-info: +-------+-------------+----------+---------------+-----------+-------+
[   10.826855] cloud-init[947]: ci-info: | Route | Destination | Gateway  |    Genmask    | Interface | Flags |
[   10.849275] cloud-init[947]: ci-info: +-------+-------------+----------+---------------+-----------+-------+
[   10.849524] cloud-init[947]: ci-info: |   0   |   0.0.0.0   | 10.0.2.2 |    0.0.0.0    |   enp0s3  |   UG  |
[[0;32m  OK  [0m] Started Initial cloud-init job (metadata service crawler).
[   10.849657] cloud-init[947]: ci-info: |   1   |   10.0.2.0  | 0.0.0.0  | 255.255.255.0 |   enp0s3  |   U   |
[   10.866557] cloud-init[947]: ci-info: +-------+-------------+----------+---------------+-----------+-------+
[   10.867793] cloud-init[947]: ci-info: +++++++++++++++++++Route IPv6 info+++++++++++++++++++
[   10.876331] cloud-init[947]: ci-info: +-------+-------------+---------+-----------+-------+
[   10.876563] cloud-init[947]: ci-info: | Route | Destination | Gateway | Interface | Flags |
[   10.876688] cloud-init[947]: ci-info: +-------+-------------+---------+-----------+-------+
[   10.876807] cloud-init[947]: ci-info: |   0   |  fe80::/64  |    ::   |   enp0s3  |   U   |
[   10.876961] cloud-init[947]: ci-info: |   3   |   ff00::/8  |    ::   |   enp0s3  |   U   |
[[0;32m  OK  [0m] Reached target System Initialization.
[   10.877087] cloud-init[947]: ci-info: +-------+-------------+---------+-----------+-------+
[   10.893347] cloud-init[947]: Generating public/private rsa key pair.
[   10.893635] cloud-init[947]: Your identification has been saved in /etc/ssh/ssh_host_rsa_key.
[   10.893778] cloud-init[947]: Your public key has been saved in /etc/ssh/ssh_host_rsa_key.pub.
[[0;32m  OK  [0m] Started Daily apt download activities.
[   10.893923] cloud-init[947]: The key fingerprint is:
[   10.898249] cloud-init[947]: SHA256:7H4qUkCcDVTQwhqW1L2GzmzrOg39r08+WAM4tXC/J+M root@ubuntu-xenial
[   10.898382] cloud-init[947]: The key's randomart image is:
[   10.898520] cloud-init[947]: +---[RSA 2048]----+
[   10.898660] cloud-init[947]: | ..*+O.          |
[   10.898802] cloud-init[947]: |  + O *          |
[   10.898948] cloud-init[947]: | . + B +         |
[   10.899070] cloud-init[947]: |  . = =..        |
[   10.899194] cloud-init[947]: |   = + .S.       |
[   10.899329] cloud-init[947]: |  . * ..* .      |
[   10.899502] cloud-init[947]: |   + + +o=       |
[   10.899644] cloud-init[947]: |  . + ++E .      |
[   10.899785] cloud-init[947]: |  .+...=*+       |
[   10.899927] cloud-init[947]: +----[SHA256]-----+
[   10.900253] cloud-init[947]: Generating public/private dsa key pair.
[   10.900386] cloud-init[947]: Your identification has been saved in /etc/ssh/ssh_host_dsa_key.
[   10.900527] cloud-init[947]: Your public key has been saved in /etc/ssh/ssh_host_dsa_key.pub.
[   10.900669] cloud-init[947]: The key fingerprint is:
[   10.900810] cloud-init[947]: SHA256:8wV3lePcB1k33gFDJQa5cTM5v4LUXePqW+p2llvL1qs root@ubuntu-xenial
[   10.900951] cloud-init[947]: The key's randomart image is:
[   10.901091] cloud-init[947]: +---[DSA 1024]----+
[   10.901232] cloud-init[947]: |           .+*+*=|
[   10.901374] cloud-init[947]: |           o.**=*|
[   10.901516] cloud-init[947]: |          . * @o*|
[   10.901656] cloud-init[947]: |           = o *o|
[   10.901802] cloud-init[947]: |        S . o . o|
[   10.901978] cloud-init[947]: |         o o o . |
[   10.902116] cloud-init[947]: |          . . ..+|
[   10.902291] cloud-init[947]: |             o+=+|
[   10.902430] cloud-init[947]: |            oE*=o|
[   10.902571] cloud-init[947]: +----[SHA256]-----+
[   10.902711] cloud-init[947]: Generating public/private ecdsa key pair.
[   10.902853] cloud-init[947]: Your identification has been saved in /etc/ssh/ssh_host_ecdsa_key.
[   10.902993] cloud-init[947]: Your public key has been saved in /etc/ssh/ssh_host_ecdsa_key.pub.
[   10.903165] cloud-init[947]: The key fingerprint is:
[   10.903308] cloud-init[947]: SHA256:8iWsThamoXTDCtixNa3+1zPOP5iJZaChMAb7A9cORKQ root@ubuntu-xenial
[   10.903448] cloud-init[947]: The key's randomart image is:
[   10.903601] cloud-init[947]: +---[ECDSA 256]---+
[   10.903775] cloud-init[947]: | oo              |
[   10.903916] cloud-init[947]: |...  .           |
[   10.904204] cloud-init[947]: |E+..o .          |
[   10.904345] cloud-init[947]: |+.*=.o...        |
[   10.904486] cloud-init[947]: |o=+=*.+oS..      |
[   10.904628] cloud-init[947]: | oo=o=.= oo      |
[   10.904769] cloud-init[947]: |  o.o + .= +     |
[   10.904911] cloud-init[947]: |     =  o.B .    |
[   10.905056] cloud-init[947]: |      o. .o+..   |
[   10.905196] cloud-init[947]: +----[SHA256]-----+
[   10.905335] cloud-init[947]: Generating public/private ed25519 key pair.
[   10.905478] cloud-init[947]: Your identification has been saved in /etc/ssh/ssh_host_ed25519_key.
[   10.905619] cloud-init[947]: Your public key has been saved in /etc/ssh/ssh_host_ed25519_key.pub.
[   10.905762] cloud-init[947]: The key fingerprint is:
[   10.905903] cloud-init[947]: SHA256:Ekv7KWm0EYZYEKnNYkZZX30A4WFLqRE4Om/r5kwZ4ng root@ubuntu-xenial
[   10.906046] cloud-init[947]: The key's randomart image is:
[   10.906372] cloud-init[947]: +--[ED25519 256]--+
[   10.906510] cloud-init[947]: |  ==o..B=..      |
[   10.906656] cloud-init[947]: | o.=.o=.o. .     |
[   10.906969] cloud-init[947]: |.+o o.Bo  .      |
[   10.907119] cloud-init[947]: |o=o  + =         |
[   10.907259] cloud-init[947]: |ooo.  * S        |
[   10.907398] cloud-init[947]: |o .oo. * .       |
[   10.907542] cloud-init[947]: |..Eo. = o        |
[   10.907691] cloud-init[947]: | .oo . .         |
[   10.907825] cloud-init[947]: |  ++             |
[   10.907967] cloud-init[947]: +----[SHA256]-----+
[[0;32m  OK  [0m] Listening on UUID daemon activation socket.
[[0;32m  OK  [0m] Started Daily apt upgrade and clean activities.
         Starting LXD - unix socket.
[[0;32m  OK  [0m] Listening on D-Bus System Message Bus Socket.
[[0;32m  OK  [0m] Listening on ACPID Listen Socket.
[[0;32m  OK  [0m] Started Daily Cleanup of Temporary Directories.
[[0;32m  OK  [0m] Reached target Timers.
[[0;32m  OK  [0m] Started ACPI Events Check.
[[0;32m  OK  [0m] Reached target Paths.
         Starting Socket activation for snappy daemon.
[[0;32m  OK  [0m] Reached target Network is Online.
         Starting iSCSI initiator daemon (iscsid)...
[[0;32m  OK  [0m] Reached target Cloud-config availability.
[[0;32m  OK  [0m] Listening on LXD - unix socket.
[[0;32m  OK  [0m] Listening on Socket activation for snappy daemon.
[[0;32m  OK  [0m] Reached target Sockets.
[[0;32m  OK  [0m] Reached target Basic System.
         Starting LSB: Record successful boot for GRUB...
[[0;32m  OK  [0m] Started D-Bus System Message Bus.
         Starting Login Service...
         Starting System Logging Service...
         Starting /etc/rc.local Compatibility...
[[0;32m  OK  [0m] Started ACPI event daemon.
         Starting Pollinate to seed the pseudo random number generator...
[[0;32m  OK  [0m] Started Unattended Upgrades Shutdown.
[[0;32m  OK  [0m] Started FUSE filesystem for LXC.
[[0;32m  OK  [0m] Started Deferred execution scheduler.
         Starting LSB: MD monitoring daemon...
         Starting Accounts Service...
         Starting Snappy daemon...
         Starting Virtualbox guest utils...
         Starting LXD - container startup/shutdown...
[[0;32m  OK  [0m] Started Regular background program processing daemon.
[[0;32m  OK  [0m] Started System Logging Service.
[[0;32m  OK  [0m] Started iSCSI initiator daemon (iscsid).
[[0;32m  OK  [0m] Started /etc/rc.local Compatibility.
[[0;32m  OK  [0m] Started LSB: Record successful boot for GRUB.
[[0;32m  OK  [0m] Started Login Service.
         Starting Authenticate and Authorize Users to Run Privileged Tasks...
         Starting Login to default iSCSI targets...
[[0;32m  OK  [0m] Started LSB: MD monitoring daemon.
[[0;32m  OK  [0m] Started LXD - container startup/shutdown.
[[0;32m  OK  [0m] Started Authenticate and Authorize Users to Run Privileged Tasks.
[[0;32m  OK  [0m] Started Accounts Service.
[[0;32m  OK  [0m] Started Login to default iSCSI targets.
[[0;32m  OK  [0m] Started Virtualbox guest utils.
[[0;32m  OK  [0m] Reached target Remote File Systems (Pre).
[[0;32m  OK  [0m] Reached target Remote File Systems.
         Starting Permit User Sessions...
         Starting LSB: daemon to balance interrupts for SMP systems...
         Starting LSB: automatic crash report generation...
         Starting LSB: Set the CPU Frequency Scaling governor to "ondemand"...
[[0;32m  OK  [0m] Started Permit User Sessions.
         Starting Terminate Plymouth Boot Screen...
         Starting Hold until boot process finishes up...
[[0;32m  OK  [0m] Started Snappy daemon.
[[0;32m  OK  [0m] Started LSB: daemon to balance interrupts for SMP systems.
[[0;32m  OK  [0m] Started LSB: automatic crash report generation.
[[0;32m  OK  [0m] Started Terminate Plymouth Boot Screen.
[[0;32m  OK  [0m] Started Hold until boot process finishes up.
[[0;32m  OK  [0m] Started LSB: Set the CPU Frequency Scaling governor to "ondemand".
         Starting Set console scheme...
[[0;32m  OK  [0m] Started Getty on tty1.
[[0;32m  OK  [0m] Started Serial Getty on ttyS0.
[[0;32m  OK  [0m] Reached target Login Prompts.
         Starting Wait until snapd is fully seeded...
[[0;32m  OK  [0m] Started Set console scheme.
[[0;32m  OK  [0m] Started Pollinate to seed the pseudo random number generator.
         Starting OpenBSD Secure Shell server...
[[0;32m  OK  [0m] Started OpenBSD Secure Shell server.
[[0;32m  OK  [0m] Created slice User Slice of vagrant.
         Starting User Manager for UID 1000...
[[0;32m  OK  [0m] Started Session 1 of user vagrant.
[[0;32m  OK  [0m] Started User Manager for UID 1000.
         Stopping User Manager for UID 1000...
[[0;32m  OK  [0m] Stopped User Manager for UID 1000.
[[0;32m  OK  [0m] Removed slice User Slice of vagrant.
[[0;32m  OK  [0m] Started Wait until snapd is fully seeded.
         Starting Apply the settings specified in cloud-config...
[[0;32m  OK  [0m] Reached target Multi-User System.
[[0;32m  OK  [0m] Reached target Graphical Interface.
         Starting Update UTMP about System Runlevel Changes...
[[0;32m  OK  [0m] Created slice User Slice of vagrant.
[[0;32m  OK  [0m] Started Session 2 of user vagrant.
         Starting User Manager for UID 1000...
[[0;32m  OK  [0m] Started Update UTMP about System Runlevel Changes.
[[0;32m  OK  [0m] Started User Manager for UID 1000.
[   16.488240] cloud-init[1441]: Generating locales (this might take a while)...
[   17.029032] cloud-init[1441]:   en_US.UTF-8... done
[   17.029684] cloud-init[1441]: Generation complete.
[   17.254052] cloud-init[1441]: Cloud-init v. 18.4-0ubuntu1~16.04.2 running 'modules:config' at Thu, 20 Dec 2018 18:00:55 +0000. Up 16.41 seconds.
ci-info: no authorized ssh keys fingerprints found for user ubuntu.
<14>Dec 20 18:00:57 ec2: 
<14>Dec 20 18:00:57 ec2: #############################################################
<14>Dec 20 18:00:57 ec2: -----BEGIN SSH HOST KEY FINGERPRINTS-----
<14>Dec 20 18:00:57 ec2: 1024 SHA256:8wV3lePcB1k33gFDJQa5cTM5v4LUXePqW+p2llvL1qs root@ubuntu-xenial (DSA)
<14>Dec 20 18:00:57 ec2: 256 SHA256:8iWsThamoXTDCtixNa3+1zPOP5iJZaChMAb7A9cORKQ root@ubuntu-xenial (ECDSA)
<14>Dec 20 18:00:57 ec2: 256 SHA256:Ekv7KWm0EYZYEKnNYkZZX30A4WFLqRE4Om/r5kwZ4ng root@ubuntu-xenial (ED25519)
<14>Dec 20 18:00:57 ec2: 2048 SHA256:7H4qUkCcDVTQwhqW1L2GzmzrOg39r08+WAM4tXC/J+M root@ubuntu-xenial (RSA)
<14>Dec 20 18:00:57 ec2: -----END SSH HOST KEY FINGERPRINTS-----
<14>Dec 20 18:00:57 ec2: #############################################################
-----BEGIN SSH HOST KEY KEYS-----
ecdsa-sha2-nistp256 AAAAE2VjZHNhLXNoYTItbmlzdHAyNTYAAAAIbmlzdHAyNTYAAABBBH+KGvr2Ub857vpcAe4ttCCZdaaRdsq34RLyCW6IXavC0gh8p6A9LINfR6OwiBDVwHjkWKVoANWziYkFOYLeyvQ= root@ubuntu-xenial
ssh-ed25519 AAAAC3NzaC1lZDI1NTE5AAAAIIFWACTDpVp8IPLKeft3rLHe0GVnSZZMHzbOW3EAyDdy root@ubuntu-xenial
ssh-rsa AAAAB3NzaC1yc2EAAAADAQABAAABAQCjlUXJKt/0DkR+ursk9PyarRdL0oO7jrPH/z/f/MTwL0dLCvMIB8UMMm2jIcuyYQxhmWtUX3+RK5f9DEX0vedh0h+2lLBQBaVgYGKWLRpjGYWSkl/vNC7PdGEB4ad+8qrkvOtmQgotW07oBPzCdjQ93YhULLAWtnNWqxQK1G77aoJGxCRF8rHFV0aKTcMlFbAyppCmnthv1n8xN2H6s6kIdhqN6E+tA8GaeJjBC6yfBtoGQWsAG5au0Hyr80xKOZhwQy2sAEVTmweM32DOF1t3684nTqjNmIcJsuvs0FoHvKXCZcHTSYtdio5/YCOrdreHXn5Fd6CUu4RS1rBEDAnb root@ubuntu-xenial
-----END SSH HOST KEY KEYS-----
[   17.600546] cloud-init[1536]: Cloud-init v. 18.4-0ubuntu1~16.04.2 running 'modules:final' at Thu, 20 Dec 2018 18:00:56 +0000. Up 17.50 seconds.
[   17.600754] cloud-init[1536]: ci-info: no authorized ssh keys fingerprints found for user ubuntu.
[   17.600897] cloud-init[1536]: Cloud-init v. 18.4-0ubuntu1~16.04.2 finished at Thu, 20 Dec 2018 18:00:57 +0000. Datasource DataSourceNoCloud [seed=/dev/sdb][dsmode=net].  Up 17.59 seconds

Ubuntu 16.04.5 LTS ubuntu-xenial ttyS0

ubuntu-xenial login: 